[kuralgfx.shop/index.html]
[backblue.gif]
[fade.gif]
[index.html]
[cdn.discordapp.com/attachments/1036347002365157518/1104166396159594597/banner_ds_kural.png]
[kuralgfx.shop/assets/img/K.png]
[kuralgfx.shop/css/style.css]
[kuralgfx.shop/K.ico]
[ajax.googleapis.com/ajax/libs/jquery/3.3.1/jquery.min.js]
[cdn.jsdelivr.net/npm/@emailjs/browser@3/dist/email.min.js]
[kuralgfx.shop/js/script.js]
[kuralgfx.shop/js/scriptcrypted.js]
[hcaptcha.com/1/api.js]
[kuralgfx.shop/assets/img/logokural.gif]
[kuralgfx.shop/assets/img/logokural.png]
[kuralgfx.shop/assets/img/firma kural.png]
[kuralgfx.shop/assets/img/background/background.jpg]
[kuralgfx.shop/assets/img/background/img-15.jpg]
[kuralgfx.shop/assets/img/image-89-1.jpg]
[kuralgfx.shop/assets/img/image-89-2.jpg]
[kuralgfx.shop/assets/img/background/img-89.jpg]
[kuralgfx.shop/assets/img/DISCORD.png]
[kuralgfx.shop/assets/img/INSTA.png]
[kuralgfx.shop/assets/img/LINKEDIN.png]
[kuralgfx.shop/assets/img/background/img-95.jpg]
[kuralgfx.shop/index.html]
[kuralgfx.shop/assets/img/cursor.png]
[kuralgfx.shop/assets/svg/video-icon.16.delayed]
[kuralgfx.shop/assets/svg/play.17.delayed]
[kuralgfx.shop/assets/img/image-100.18.delayed]
[kuralgfx.shop/css/style.css]
[kuralgfx.shop/assets/svg/video-icon.html]
[kuralgfx.shop/assets/svg/play.html]
[kuralgfx.shop/assets/img/image-100.html]
[kuralgfx.shop/assets/img/background/img-95.jpg]
[kuralgfx.shop/assets/img/background/img-89.jpg]
